[acc_vio/causal] seed=0 causal_feas_margin=0.5
    acc=0.1279 vio=0.114 reward=8.6
[acc_vio/causal] seed=1 causal_feas_margin=0.5
    acc=0.1272 vio=0.112 reward=8.6
[acc_vio/causal] seed=2 causal_feas_margin=0.5
    acc=0.1277 vio=0.119 reward=7.8
[acc_vio/causal] seed=0 causal_feas_margin=0.55
    acc=0.1493 vio=0.120 reward=8.8
[acc_vio/causal] seed=1 causal_feas_margin=0.55
    acc=0.1486 vio=0.115 reward=8.8
[acc_vio/causal] seed=2 causal_feas_margin=0.55
    acc=0.1492 vio=0.127 reward=8.0
[acc_vio/causal] seed=0 causal_feas_margin=0.6
    acc=0.1698 vio=0.125 reward=8.9
[acc_vio/causal] seed=1 causal_feas_margin=0.6
    acc=0.1689 vio=0.144 reward=8.7
[acc_vio/causal] seed=2 causal_feas_margin=0.6
    acc=0.1731 vio=0.136 reward=8.1
[acc_vio/causal] seed=0 causal_feas_margin=0.65
    acc=0.1861 vio=0.132 reward=9.0
[acc_vio/causal] seed=1 causal_feas_margin=0.65
    acc=0.1894 vio=0.158 reward=8.7
[acc_vio/causal] seed=2 causal_feas_margin=0.65
    acc=0.1877 vio=0.154 reward=8.1
[acc_vio/causal] seed=0 causal_feas_margin=0.7
    acc=0.1967 vio=0.131 reward=9.1
[acc_vio/causal] seed=1 causal_feas_margin=0.7
    acc=0.2004 vio=0.154 reward=8.8
[acc_vio/causal] seed=2 causal_feas_margin=0.7
    acc=0.1975 vio=0.161 reward=8.1
[acc_vio/causal] seed=0 causal_feas_margin=0.75
    acc=0.2019 vio=0.138 reward=9.0
[acc_vio/causal] seed=1 causal_feas_margin=0.75
    acc=0.2071 vio=0.153 reward=8.9
[acc_vio/causal] seed=2 causal_feas_margin=0.75
    acc=0.2061 vio=0.162 reward=8.1
[acc_vio/causal] seed=0 causal_feas_margin=0.8
    acc=0.2073 vio=0.141 reward=9.0
[acc_vio/causal] seed=1 causal_feas_margin=0.8
    acc=0.2041 vio=0.153 reward=8.9
[acc_vio/causal] seed=2 causal_feas_margin=0.8
    acc=0.2039 vio=0.149 reward=8.2
[acc_vio/causal] seed=0 causal_feas_margin=0.85
    acc=0.2089 vio=0.130 reward=9.1
[acc_vio/causal] seed=1 causal_feas_margin=0.85
    acc=0.2079 vio=0.148 reward=8.8
[acc_vio/causal] seed=2 causal_feas_margin=0.85
    acc=0.2121 vio=0.160 reward=8.1
[acc_vio/causal] seed=0 causal_feas_margin=0.9
    acc=0.2103 vio=0.139 reward=9.1
[acc_vio/causal] seed=1 causal_feas_margin=0.9
    acc=0.2069 vio=0.139 reward=9.0
[acc_vio/causal] seed=2 causal_feas_margin=0.9
    acc=0.2113 vio=0.156 reward=8.2
[acc_vio/causal] seed=0 causal_feas_margin=0.95
    acc=0.2113 vio=0.143 reward=9.1
[acc_vio/causal] seed=1 causal_feas_margin=0.95
    acc=0.2081 vio=0.145 reward=9.0
[acc_vio/causal] seed=2 causal_feas_margin=0.95
    acc=0.2104 vio=0.156 reward=8.2
[acc_vio/causal] seed=0 causal_feas_margin=1.0
    acc=0.2105 vio=0.146 reward=9.0
[acc_vio/causal] seed=1 causal_feas_margin=1.0
    acc=0.2099 vio=0.153 reward=8.8
[acc_vio/causal] seed=2 causal_feas_margin=1.0
    acc=0.2151 vio=0.161 reward=8.2
[acc_vio/gdo] seed=0 gdo_feas_margin=0.5
    acc=0.1222 vio=0.112 reward=8.5
[acc_vio/gdo] seed=1 gdo_feas_margin=0.5
    acc=0.1209 vio=0.111 reward=8.4
[acc_vio/gdo] seed=2 gdo_feas_margin=0.5
    acc=0.1228 vio=0.119 reward=7.7
[acc_vio/gdo] seed=0 gdo_feas_margin=0.55
    acc=0.1437 vio=0.121 reward=8.6
[acc_vio/gdo] seed=1 gdo_feas_margin=0.55
    acc=0.1411 vio=0.130 reward=8.5
[acc_vio/gdo] seed=2 gdo_feas_margin=0.55
    acc=0.1432 vio=0.136 reward=7.7
[acc_vio/gdo] seed=0 gdo_feas_margin=0.6
    acc=0.1631 vio=0.137 reward=8.6
[acc_vio/gdo] seed=1 gdo_feas_margin=0.6
    acc=0.1615 vio=0.156 reward=8.4
[acc_vio/gdo] seed=2 gdo_feas_margin=0.6
    acc=0.1622 vio=0.140 reward=7.9
[acc_vio/gdo] seed=0 gdo_feas_margin=0.65
    acc=0.1803 vio=0.152 reward=8.5
[acc_vio/gdo] seed=1 gdo_feas_margin=0.65
    acc=0.1836 vio=0.172 reward=8.5
[acc_vio/gdo] seed=2 gdo_feas_margin=0.65
    acc=0.1837 vio=0.158 reward=7.8
[acc_vio/gdo] seed=0 gdo_feas_margin=0.7
    acc=0.1940 vio=0.174 reward=8.4
[acc_vio/gdo] seed=1 gdo_feas_margin=0.7
    acc=0.2002 vio=0.176 reward=8.4
[acc_vio/gdo] seed=2 gdo_feas_margin=0.7
    acc=0.1992 vio=0.173 reward=7.7
[acc_vio/gdo] seed=0 gdo_feas_margin=0.75
    acc=0.2077 vio=0.173 reward=8.3
[acc_vio/gdo] seed=1 gdo_feas_margin=0.75
    acc=0.2091 vio=0.191 reward=8.3
[acc_vio/gdo] seed=2 gdo_feas_margin=0.75
    acc=0.2085 vio=0.187 reward=7.5
[acc_vio/gdo] seed=0 gdo_feas_margin=0.8
    acc=0.2149 vio=0.196 reward=8.1
[acc_vio/gdo] seed=1 gdo_feas_margin=0.8
    acc=0.2135 vio=0.192 reward=8.1
[acc_vio/gdo] seed=2 gdo_feas_margin=0.8
    acc=0.2175 vio=0.188 reward=7.5
[acc_vio/gdo] seed=0 gdo_feas_margin=0.85
    acc=0.2187 vio=0.205 reward=7.8
[acc_vio/gdo] seed=1 gdo_feas_margin=0.85
    acc=0.2193 vio=0.207 reward=7.9
[acc_vio/gdo] seed=2 gdo_feas_margin=0.85
    acc=0.2208 vio=0.206 reward=7.4
[acc_vio/gdo] seed=0 gdo_feas_margin=0.9
    acc=0.2210 vio=0.210 reward=7.8
[acc_vio/gdo] seed=1 gdo_feas_margin=0.9
    acc=0.2237 vio=0.213 reward=7.9
[acc_vio/gdo] seed=2 gdo_feas_margin=0.9
    acc=0.2218 vio=0.210 reward=7.2
[acc_vio/gdo] seed=0 gdo_feas_margin=0.95
    acc=0.2260 vio=0.231 reward=7.5
[acc_vio/gdo] seed=1 gdo_feas_margin=0.95
    acc=0.2267 vio=0.226 reward=7.6
[acc_vio/gdo] seed=2 gdo_feas_margin=0.95
    acc=0.2264 vio=0.231 reward=7.0
[acc_vio/gdo] seed=0 gdo_feas_margin=1.0
    acc=0.2261 vio=0.243 reward=7.3
[acc_vio/gdo] seed=1 gdo_feas_margin=1.0
    acc=0.2293 vio=0.256 reward=7.2
[acc_vio/gdo] seed=2 gdo_feas_margin=1.0
    acc=0.2257 vio=0.260 reward=6.6
[acc_vio] iso-vio Acc (OMNIS+ − GDO):
    vio=0.115  causal=0.1276  gdo=0.1235  Δ=+0.0041
    vio=0.121  causal=0.1503  gdo=0.1322  Δ=+0.0182
    vio=0.128  causal=0.1597  gdo=0.1408  Δ=+0.0189
    vio=0.134  causal=0.1691  gdo=0.1491  Δ=+0.0200
    vio=0.140  causal=0.1922  gdo=0.1573  Δ=+0.0349
    vio=0.147  causal=0.2072  gdo=0.1653  Δ=+0.0419
    vio=0.153  causal=0.2118  gdo=0.1730  Δ=+0.0389
[acc_vio] done in 24.6 min → figures/python figures/sweeps/acc_vio/
