appending GDO margins [0.5, 0.55, 0.6, 0.65] …
[acc_vio/gdo] seed=0 gdo_feas_margin=0.5
    acc=0.1222 vio=0.112 reward=120.4
[acc_vio/gdo] seed=1 gdo_feas_margin=0.5
    acc=0.1209 vio=0.111 reward=119.4
[acc_vio/gdo] seed=2 gdo_feas_margin=0.5
    acc=0.1228 vio=0.119 reward=118.6
[acc_vio/gdo] seed=0 gdo_feas_margin=0.55
    acc=0.1437 vio=0.121 reward=121.2
[acc_vio/gdo] seed=1 gdo_feas_margin=0.55
    acc=0.1411 vio=0.130 reward=120.3
[acc_vio/gdo] seed=2 gdo_feas_margin=0.55
    acc=0.1432 vio=0.136 reward=118.6
[acc_vio/gdo] seed=0 gdo_feas_margin=0.6
    acc=0.1631 vio=0.137 reward=121.4
[acc_vio/gdo] seed=1 gdo_feas_margin=0.6
    acc=0.1615 vio=0.156 reward=118.9
[acc_vio/gdo] seed=2 gdo_feas_margin=0.6
    acc=0.1622 vio=0.140 reward=120.6
[acc_vio/gdo] seed=0 gdo_feas_margin=0.65
    acc=0.1803 vio=0.152 reward=119.8
[acc_vio/gdo] seed=1 gdo_feas_margin=0.65
    acc=0.1836 vio=0.172 reward=119.6
[acc_vio/gdo] seed=2 gdo_feas_margin=0.65
    acc=0.1837 vio=0.158 reward=119.7
[acc_vio] iso-vio Acc (OMNIS+ − GDO):
    vio=0.115  causal=0.1276  gdo=0.1235  Δ=+0.0041
    vio=0.121  causal=0.1503  gdo=0.1322  Δ=+0.0182
    vio=0.128  causal=0.1597  gdo=0.1408  Δ=+0.0189
    vio=0.134  causal=0.1691  gdo=0.1491  Δ=+0.0200
    vio=0.140  causal=0.1919  gdo=0.1573  Δ=+0.0346
    vio=0.147  causal=0.1969  gdo=0.1653  Δ=+0.0316
    vio=0.153  causal=0.2118  gdo=0.1730  Δ=+0.0389
done → figures/python figures/sweeps/acc_vio/

Pareto summary:
  causal 0.50: acc=0.1276 vio=0.115
  causal 0.55: acc=0.1491 vio=0.121
  causal 0.60: acc=0.1706 vio=0.135
  causal 0.65: acc=0.1878 vio=0.148
  causal 0.70: acc=0.1982 vio=0.149
  causal 0.78: acc=0.2064 vio=0.145
  causal 0.88: acc=0.2100 vio=0.145
  causal 1.00: acc=0.2118 vio=0.153
  gdo 0.50: acc=0.1220 vio=0.114
  gdo 0.55: acc=0.1427 vio=0.129
  gdo 0.60: acc=0.1623 vio=0.144
  gdo 0.65: acc=0.1825 vio=0.161
  gdo 0.70: acc=0.1979 vio=0.175
  gdo 0.75: acc=0.2082 vio=0.185
  gdo 0.80: acc=0.2156 vio=0.192
  gdo 0.85: acc=0.2194 vio=0.207
  gdo 0.90: acc=0.2225 vio=0.215
  gdo 0.95: acc=0.2266 vio=0.230
  gdo 1.00: acc=0.2277 vio=0.247
EXIT:0
