=== causal seed=0 ===
    reward=4.6641 acc=0.1768 delay=9.290 energy=1.533 backlog=23000 vio=0.238 ms/slot=36.80 (dec=2.42 comm=4.69 bcd=29.69) wall=25s
=== causal seed=1 ===
    reward=4.7994 acc=0.1813 delay=12.046 energy=1.659 backlog=24066 vio=0.207 ms/slot=33.47 (dec=2.18 comm=4.69 bcd=26.60) wall=22s
=== causal seed=2 ===
    reward=4.2052 acc=0.1745 delay=15.224 energy=2.057 backlog=22394 vio=0.298 ms/slot=37.77 (dec=2.37 comm=4.69 bcd=30.70) wall=25s
=== causal seed=3 ===
    reward=3.8084 acc=0.1734 delay=18.712 energy=2.392 backlog=19574 vio=0.267 ms/slot=36.81 (dec=2.35 comm=4.69 bcd=29.77) wall=25s
=== causal seed=4 ===
    reward=3.1532 acc=0.1725 delay=9.521 energy=2.200 backlog=26539 vio=0.596 ms/slot=36.73 (dec=2.66 comm=4.69 bcd=29.38) wall=25s
=== ucb seed=0 ===
    reward=2.4733 acc=0.1732 delay=21.470 energy=2.756 backlog=35825 vio=0.378 ms/slot=41.72 (dec=4.74 comm=4.69 bcd=32.29) wall=32s
=== ucb seed=1 ===
    reward=0.3853 acc=0.1855 delay=36.334 energy=4.101 backlog=52400 vio=0.501 ms/slot=43.00 (dec=5.02 comm=4.69 bcd=33.29) wall=33s
=== ucb seed=2 ===
    reward=1.8079 acc=0.1778 delay=26.905 energy=3.249 backlog=36930 vio=0.504 ms/slot=41.40 (dec=4.99 comm=4.69 bcd=31.72) wall=32s
=== ucb seed=3 ===
    reward=2.4944 acc=0.1723 delay=21.179 energy=2.672 backlog=35158 vio=0.417 ms/slot=41.42 (dec=4.83 comm=4.69 bcd=31.90) wall=32s
=== ucb seed=4 ===
    reward=0.4445 acc=0.1703 delay=20.549 energy=3.469 backlog=36063 vio=0.728 ms/slot=38.28 (dec=3.96 comm=4.69 bcd=29.63) wall=29s

=== SUMMARY (mean ± std) ===
name         reward      acc    delay   energy    backlog      vio    ms/slot
causal        4.126±0.67    0.176±0.00   12.958±4.01    1.968±0.36  23114.780±2534.79    0.321±0.16     36.316±1.65
ucb           1.521±1.05    0.176±0.01   25.288±6.68    3.249±0.58  39275.212±7364.41    0.506±0.14     41.164±1.74
dts           0.405±1.25    0.181±0.00   31.131±7.33    3.829±0.82  42829.500±6560.52    0.591±0.09     37.674±2.61
gdo         -13.450±3.09    0.239±0.01  132.452±19.10   13.966±2.15 407030.600±164669.91    0.827±0.08     34.351±1.39
rss          -4.512±1.53    0.197±0.01   60.758±11.73    6.699±1.19 150872.360±66888.75    0.779±0.06     35.206±2.86
dqn          -6.690±1.56    0.205±0.00   76.902±7.23    8.322±0.95 140842.800±11557.87    0.810±0.07     76.805±4.47
ppo          -6.711±1.66    0.207±0.00   76.712±12.00    8.317±1.24 165701.400±28342.42    0.814±0.06     40.160±1.73
mappo        -6.643±1.49    0.206±0.00   76.370±8.87    8.281±0.95 152211.400±29588.20    0.810±0.07     33.582±2.14
cto           0.020±1.96    0.186±0.00   35.801±5.98    4.290±0.96  47182.920±17573.58    0.571±0.15    105.267±10.30
wrote/merged CSVs + series -> figures/convergence/
note: BCD wall medians differ across algos (spread=9.5ms: causal=29.7, cto=34.7, dqn=36.2, dts=29.4, gdo=26.7, mappo=27.5, ppo=29.8, rss=30.4, ucb=31.9); runtime uses shared median bcd_ms=30.40
wrote plot exports -> figures/convergence/plot_data.mat (+ .pkl/.npz)
note: BCD wall medians differ across algos (spread=9.5ms: causal=29.7, cto=34.7, dqn=36.2, dts=29.4, gdo=26.7, mappo=27.5, ppo=29.8, rss=30.4, ucb=31.9); runtime uses shared median bcd_ms=30.40
plotting: ['causal', 'ucb', 'dts', 'gdo', 'rss', 'dqn', 'ppo', 'mappo', 'cto']
comm model: users=10 RTT=1ms R_ctrl=1e+06bps
BCD (shared scenario median): 30.40 ms/slot
wrote plots -> figures/convergence/
runtime stack -> figures/convergence/runtime.png
mean bars -> 6 files (*_bar.png)
wrote plot exports -> figures/convergence/plot_data.mat (+ .pkl/.npz)
