=== causal seed=0 ===
    reward=6.8432 acc=0.2291 delay=1.769 energy=0.656 backlog=21335 vio=0.235 ms/slot=30.30 (dec=1.71 comm=5.93 bcd=22.67) wall=11s
=== causal seed=1 ===
    reward=6.8440 acc=0.2349 delay=1.980 energy=0.510 backlog=25630 vio=0.249 ms/slot=29.67 (dec=1.61 comm=5.93 bcd=22.13) wall=11s
=== causal seed=2 ===
    reward=6.8983 acc=0.2354 delay=1.911 energy=0.585 backlog=23162 vio=0.252 ms/slot=31.22 (dec=1.69 comm=5.93 bcd=23.61) wall=12s
=== causal seed=3 ===
    reward=6.5781 acc=0.2267 delay=2.058 energy=0.570 backlog=25385 vio=0.291 ms/slot=30.44 (dec=2.00 comm=5.93 bcd=22.52) wall=11s
=== causal seed=4 ===
    reward=4.9153 acc=0.2236 delay=2.409 energy=1.253 backlog=27316 vio=0.542 ms/slot=31.82 (dec=1.87 comm=5.93 bcd=24.03) wall=12s
=== ucb seed=0 ===
    reward=6.1109 acc=0.2169 delay=2.638 energy=0.713 backlog=36500 vio=0.282 ms/slot=31.08 (dec=3.16 comm=3.24 bcd=24.68) wall=13s
=== ucb seed=1 ===
    reward=6.2951 acc=0.2226 delay=2.548 energy=0.488 backlog=35469 vio=0.249 ms/slot=31.14 (dec=3.21 comm=3.24 bcd=24.70) wall=14s
=== ucb seed=2 ===
    reward=5.7422 acc=0.2271 delay=2.766 energy=0.620 backlog=33040 vio=0.410 ms/slot=43.85 (dec=4.56 comm=3.24 bcd=36.05) wall=20s
=== ucb seed=3 ===
    reward=6.2537 acc=0.2148 delay=1.930 energy=0.534 backlog=26538 vio=0.245 ms/slot=111.24 (dec=81.68 comm=3.24 bcd=26.32) wall=39s
=== ucb seed=4 ===
    reward=4.1136 acc=0.2107 delay=4.007 energy=1.184 backlog=41113 vio=0.572 ms/slot=55.91 (dec=6.81 comm=3.24 bcd=45.86) wall=26s
=== dts seed=0 ===
    reward=5.3706 acc=0.2272 delay=3.090 energy=0.712 backlog=31445 vio=0.456 ms/slot=887.51 (dec=6.75 comm=3.24 bcd=877.52) wall=272s
=== dts seed=1 ===
    reward=6.0041 acc=0.2227 delay=4.933 energy=0.530 backlog=85494 vio=0.347 ms/slot=31.32 (dec=3.40 comm=3.24 bcd=24.69) wall=14s
=== dts seed=2 ===
    reward=6.1200 acc=0.2075 delay=2.092 energy=0.598 backlog=23297 vio=0.313 ms/slot=29.62 (dec=3.89 comm=3.24 bcd=22.49) wall=13s
=== dts seed=3 ===
    reward=5.8085 acc=0.2137 delay=2.212 energy=0.599 backlog=23908 vio=0.381 ms/slot=28.03 (dec=3.02 comm=3.24 bcd=21.77) wall=12s
=== dts seed=4 ===
    reward=3.8718 acc=0.2206 delay=3.416 energy=1.199 backlog=35051 vio=0.667 ms/slot=28.66 (dec=3.90 comm=3.24 bcd=21.51) wall=13s
=== gdo seed=0 ===
    reward=3.7015 acc=0.2566 delay=20.145 energy=0.706 backlog=345768 vio=0.762 ms/slot=27.40 (dec=0.11 comm=5.16 bcd=22.13) wall=7s
=== gdo seed=1 ===
    reward=4.0034 acc=0.2586 delay=16.716 energy=0.531 backlog=293916 vio=0.733 ms/slot=24.17 (dec=0.10 comm=5.16 bcd=18.92) wall=6s
=== gdo seed=2 ===
    reward=3.7711 acc=0.2570 delay=20.219 energy=0.592 backlog=356185 vio=0.746 ms/slot=24.71 (dec=0.10 comm=5.16 bcd=19.45) wall=6s
=== gdo seed=3 ===
    reward=4.1742 acc=0.2574 delay=12.765 energy=0.584 backlog=213427 vio=0.697 ms/slot=26.11 (dec=0.10 comm=5.16 bcd=20.85) wall=6s
=== gdo seed=4 ===
    reward=2.5379 acc=0.2561 delay=19.928 energy=1.138 backlog=356073 vio=0.895 ms/slot=26.99 (dec=0.11 comm=5.16 bcd=21.73) wall=7s
=== rss seed=0 ===
    reward=2.7850 acc=0.2129 delay=96.451 energy=0.799 backlog=787088 vio=0.881 ms/slot=23.32 (dec=0.00 comm=3.24 bcd=20.07) wall=6s
=== rss seed=1 ===
    reward=3.9447 acc=0.2140 delay=57.595 energy=0.620 backlog=696950 vio=0.592 ms/slot=23.52 (dec=0.00 comm=3.24 bcd=20.27) wall=6s
=== rss seed=2 ===
    reward=3.7018 acc=0.2131 delay=24.646 energy=0.900 backlog=420729 vio=0.677 ms/slot=30.11 (dec=0.00 comm=3.24 bcd=26.86) wall=8s
=== rss seed=3 ===
    reward=2.9811 acc=0.2249 delay=52.807 energy=0.755 backlog=438973 vio=0.994 ms/slot=22.72 (dec=0.00 comm=3.24 bcd=19.47) wall=6s
=== rss seed=4 ===
    reward=2.6988 acc=0.2113 delay=16.646 energy=1.466 backlog=170054 vio=0.816 ms/slot=23.51 (dec=0.00 comm=3.24 bcd=20.26) wall=6s
=== dqn seed=0 ===
  [dqn-joint] slot=0 team_r=6.4732 eps=1.000 K=2000
  [dqn-joint] slot=50 team_r=2.8294 eps=0.842 K=2000
  [dqn-joint] slot=100 team_r=3.3946 eps=0.683 K=2000
  [dqn-joint] slot=150 team_r=9.0552 eps=0.525 K=2000
  [dqn-joint] slot=200 team_r=3.5755 eps=0.367 K=2000
  [dqn-joint] slot=250 team_r=6.5592 eps=0.208 K=2000
    reward=4.0248 acc=0.2256 delay=5.476 energy=0.795 backlog=58844 vio=0.671 ms/slot=50.42 (dec=21.67 comm=5.48 bcd=23.27) wall=14s
=== dqn seed=1 ===
  [dqn-joint] slot=0 team_r=5.8561 eps=1.000 K=2000
  [dqn-joint] slot=50 team_r=3.6461 eps=0.842 K=2000
  [dqn-joint] slot=100 team_r=4.8007 eps=0.683 K=2000
  [dqn-joint] slot=150 team_r=4.0140 eps=0.525 K=2000
  [dqn-joint] slot=200 team_r=5.2600 eps=0.367 K=2000
  [dqn-joint] slot=250 team_r=6.3857 eps=0.208 K=2000
    reward=4.2324 acc=0.2234 delay=5.887 energy=0.642 backlog=69996 vio=0.629 ms/slot=49.07 (dec=21.15 comm=5.48 bcd=22.44) wall=13s
=== dqn seed=2 ===
  [dqn-joint] slot=0 team_r=5.6514 eps=1.000 K=2000
  [dqn-joint] slot=50 team_r=3.9998 eps=0.842 K=2000
  [dqn-joint] slot=100 team_r=7.5782 eps=0.683 K=2000
  [dqn-joint] slot=150 team_r=3.6114 eps=0.525 K=2000
  [dqn-joint] slot=200 team_r=4.1250 eps=0.367 K=2000
  [dqn-joint] slot=250 team_r=4.7929 eps=0.208 K=2000
    reward=4.0524 acc=0.2264 delay=5.954 energy=0.747 backlog=63771 vio=0.696 ms/slot=49.07 (dec=21.34 comm=5.48 bcd=22.25) wall=13s
=== dqn seed=3 ===
  [dqn-joint] slot=0 team_r=5.4937 eps=1.000 K=2000
  [dqn-joint] slot=50 team_r=2.9093 eps=0.842 K=2000
  [dqn-joint] slot=100 team_r=3.5809 eps=0.683 K=2000
  [dqn-joint] slot=150 team_r=5.0675 eps=0.525 K=2000
  [dqn-joint] slot=200 team_r=4.7658 eps=0.367 K=2000
  [dqn-joint] slot=250 team_r=4.6264 eps=0.208 K=2000
    reward=3.9376 acc=0.2267 delay=7.197 energy=0.753 backlog=91341 vio=0.707 ms/slot=49.67 (dec=21.27 comm=5.48 bcd=22.92) wall=13s
=== dqn seed=4 ===
  [dqn-joint] slot=0 team_r=6.0037 eps=1.000 K=2000
  [dqn-joint] slot=50 team_r=0.9507 eps=0.842 K=2000
  [dqn-joint] slot=100 team_r=2.8379 eps=0.683 K=2000
  [dqn-joint] slot=150 team_r=-0.0359 eps=0.525 K=2000
  [dqn-joint] slot=200 team_r=3.4536 eps=0.367 K=2000
  [dqn-joint] slot=250 team_r=1.5303 eps=0.208 K=2000
    reward=1.7557 acc=0.2264 delay=7.441 energy=1.664 backlog=84020 vio=0.834 ms/slot=50.54 (dec=21.53 comm=5.48 bcd=23.53) wall=14s
=== ppo seed=0 ===
  [ppo train] slot=0 team_r=4.1388
  [ppo train] slot=50 team_r=3.5871
  [ppo train] slot=100 team_r=3.3368
  [ppo train] slot=150 team_r=4.9662
  [ppo train] slot=200 team_r=2.4720
  [ppo train] slot=250 team_r=3.5582
    reward=3.5302 acc=0.2251 delay=7.295 energy=0.803 backlog=78675 vio=0.751 ms/slot=28.94 (dec=1.70 comm=5.48 bcd=21.75) wall=7s
=== ppo seed=1 ===
  [ppo train] slot=0 team_r=5.1553
  [ppo train] slot=50 team_r=4.7831
  [ppo train] slot=100 team_r=4.0630
  [ppo train] slot=150 team_r=2.0798
  [ppo train] slot=200 team_r=4.2248
  [ppo train] slot=250 team_r=5.7727
    reward=3.6659 acc=0.2273 delay=6.723 energy=0.671 backlog=71291 vio=0.724 ms/slot=29.42 (dec=1.64 comm=5.48 bcd=22.30) wall=7s
=== ppo seed=2 ===
  [ppo train] slot=0 team_r=6.1984
  [ppo train] slot=50 team_r=2.5644
  [ppo train] slot=100 team_r=4.9325
  [ppo train] slot=150 team_r=3.8797
  [ppo train] slot=200 team_r=2.3341
  [ppo train] slot=250 team_r=3.1908
    reward=3.1527 acc=0.2275 delay=11.191 energy=0.781 backlog=137156 vio=0.810 ms/slot=28.77 (dec=1.59 comm=5.48 bcd=21.70) wall=7s
=== ppo seed=3 ===
  [ppo train] slot=0 team_r=6.6764
  [ppo train] slot=50 team_r=3.4063
  [ppo train] slot=100 team_r=3.3274
  [ppo train] slot=150 team_r=3.9116
  [ppo train] slot=200 team_r=2.8700
  [ppo train] slot=250 team_r=2.3093
    reward=3.4836 acc=0.2279 delay=6.928 energy=0.751 backlog=73621 vio=0.753 ms/slot=28.91 (dec=1.66 comm=5.48 bcd=21.76) wall=7s
=== ppo seed=4 ===
  [ppo train] slot=0 team_r=4.2709
  [ppo train] slot=50 team_r=0.6564
  [ppo train] slot=100 team_r=1.2899
  [ppo train] slot=150 team_r=-0.7105
  [ppo train] slot=200 team_r=1.2645
  [ppo train] slot=250 team_r=3.7193
    reward=1.2288 acc=0.2267 delay=10.471 energy=1.683 backlog=123243 vio=0.861 ms/slot=29.18 (dec=1.65 comm=5.48 bcd=22.05) wall=7s
=== mappo seed=0 ===
  [mappo train] slot=0 team_r=5.9774
  [mappo train] slot=50 team_r=4.2758
  [mappo train] slot=100 team_r=2.3107
  [mappo train] slot=150 team_r=5.4133
  [mappo train] slot=200 team_r=3.4808
  [mappo train] slot=250 team_r=5.6916
    reward=3.2883 acc=0.2275 delay=9.677 energy=0.815 backlog=112939 vio=0.779 ms/slot=25.70 (dec=0.56 comm=3.24 bcd=21.89) wall=7s
=== mappo seed=1 ===
  [mappo train] slot=0 team_r=6.7981
  [mappo train] slot=50 team_r=4.0996
  [mappo train] slot=100 team_r=4.2670
  [mappo train] slot=150 team_r=2.8878
  [mappo train] slot=200 team_r=4.9058
  [mappo train] slot=250 team_r=4.6026
    reward=3.9431 acc=0.2256 delay=5.801 energy=0.663 backlog=60743 vio=0.685 ms/slot=25.57 (dec=0.55 comm=3.24 bcd=21.78) wall=7s
=== mappo seed=2 ===
  [mappo train] slot=0 team_r=5.8341
  [mappo train] slot=50 team_r=4.2383
  [mappo train] slot=100 team_r=3.6456
  [mappo train] slot=150 team_r=7.0229
  [mappo train] slot=200 team_r=4.1808
  [mappo train] slot=250 team_r=6.1433
    reward=3.7452 acc=0.2227 delay=5.340 energy=0.746 backlog=54019 vio=0.718 ms/slot=25.57 (dec=0.56 comm=3.24 bcd=21.77) wall=7s
=== mappo seed=3 ===
  [mappo train] slot=0 team_r=6.0580
  [mappo train] slot=50 team_r=2.2790
  [mappo train] slot=100 team_r=4.1900
  [mappo train] slot=150 team_r=2.9775
  [mappo train] slot=200 team_r=3.3317
  [mappo train] slot=250 team_r=4.7171
    reward=3.4365 acc=0.2270 delay=7.748 energy=0.743 backlog=87009 vio=0.773 ms/slot=25.18 (dec=0.55 comm=3.24 bcd=21.39) wall=7s
=== mappo seed=4 ===
  [mappo train] slot=0 team_r=4.8496
  [mappo train] slot=50 team_r=0.1863
  [mappo train] slot=100 team_r=1.4504
  [mappo train] slot=150 team_r=0.9809
  [mappo train] slot=200 team_r=1.3924
  [mappo train] slot=250 team_r=2.4221
    reward=1.1093 acc=0.2282 delay=10.805 energy=1.713 backlog=127680 vio=0.892 ms/slot=26.01 (dec=0.57 comm=3.24 bcd=22.20) wall=7s
=== cto seed=0 ===
    reward=5.6125 acc=0.1983 delay=1.874 energy=0.716 backlog=16262 vio=0.324 ms/slot=117.69 (dec=89.87 comm=5.48 bcd=22.34) wall=34s
=== cto seed=1 ===
    reward=5.9455 acc=0.1987 delay=1.844 energy=0.566 backlog=16762 vio=0.261 ms/slot=114.04 (dec=85.94 comm=5.48 bcd=22.62) wall=33s
=== cto seed=2 ===
    reward=5.8404 acc=0.1973 delay=1.721 energy=0.652 backlog=14094 vio=0.333 ms/slot=112.18 (dec=84.43 comm=5.48 bcd=22.27) wall=32s
=== cto seed=3 ===
    reward=5.5725 acc=0.1981 delay=1.952 energy=0.651 backlog=17030 vio=0.359 ms/slot=115.68 (dec=88.18 comm=5.48 bcd=22.03) wall=33s
=== cto seed=4 ===
    reward=4.4212 acc=0.1925 delay=1.570 energy=1.503 backlog=14090 vio=0.516 ms/slot=117.11 (dec=88.54 comm=5.48 bcd=23.10) wall=34s

=== SUMMARY (mean ± std) ===
name         reward      acc    delay   energy    backlog      vio    ms/slot
causal        6.416±0.85    0.230±0.01    2.026±0.24    0.715±0.31  24565.892±2333.15    0.314±0.13     30.692±0.84
ucb           5.703±0.91    0.218±0.01    2.778±0.76    0.708±0.28  34531.979±5342.84    0.352±0.14     54.644±33.28
dts           5.435±0.92    0.218±0.01    3.149±1.15    0.728±0.27  39839.127±26005.65    0.433±0.14    201.029±383.76
gdo           3.638±0.64    0.257±0.00   17.955±3.25    0.710±0.25 313073.939±61385.75    0.766±0.08     25.877±1.40
rss           3.222±0.56    0.215±0.01   49.629±31.54    0.908±0.33 502758.905±244971.22    0.792±0.16     24.634±3.08
dqn           3.601±1.04    0.226±0.00    6.391±0.87    0.920±0.42  73594.439±13699.36    0.707±0.08     49.753±0.71
ppo           3.012±1.01    0.227±0.00    8.522±2.13    0.938±0.42  96797.122±31001.32    0.780±0.06     29.043±0.26
mappo         3.104±1.14    0.226±0.00    7.874±2.38    0.936±0.44  88478.035±31991.95    0.769±0.08     25.606±0.30
cto           5.478±0.61    0.197±0.00    1.792±0.15    0.818±0.39  15647.763±1446.48    0.358±0.10    115.343±2.26
wrote/merged CSVs + series -> figures/train/
plot with: PYTHONPATH=. python3 experiments/plot_results.py --indir figures/train
