=== causal seed=0 ===
    reward=4.7368 acc=0.1769 delay=9.988 energy=1.597 backlog=24305 vio=0.228 ms/slot=36.84 (dec=2.58 comm=4.69 bcd=29.58) wall=25s
=== causal seed=1 ===
    reward=4.6283 acc=0.1804 delay=14.007 energy=1.850 backlog=23362 vio=0.217 ms/slot=36.51 (dec=2.37 comm=4.69 bcd=29.45) wall=25s
=== causal seed=2 ===
    reward=4.3134 acc=0.1788 delay=14.802 energy=2.014 backlog=23608 vio=0.297 ms/slot=43.14 (dec=3.58 comm=4.69 bcd=34.88) wall=29s
=== causal seed=3 ===
    reward=3.8414 acc=0.1742 delay=18.351 energy=2.364 backlog=23300 vio=0.267 ms/slot=38.05 (dec=2.56 comm=4.69 bcd=30.79) wall=26s
=== causal seed=4 ===
    reward=2.8571 acc=0.1720 delay=11.436 energy=2.405 backlog=28116 vio=0.598 ms/slot=35.04 (dec=2.37 comm=4.69 bcd=27.98) wall=24s

=== SUMMARY (mean ± std) ===
name         reward      acc    delay   energy    backlog      vio    ms/slot
causal        4.075±0.76    0.176±0.00   13.717±3.23    2.046±0.34  24538.307±2039.47    0.321±0.16     37.916±3.11
ucb           1.521±1.05    0.176±0.01   25.288±6.68    3.249±0.58  39275.200±7364.40    0.506±0.14     41.164±1.74
dts           0.405±1.25    0.181±0.00   31.131±7.33    3.829±0.82  42829.500±6560.52    0.591±0.09     37.674±2.61
gdo         -13.450±3.09    0.239±0.01  132.452±19.10   13.966±2.15 407030.600±164669.91    0.827±0.08     34.351±1.39
rss          -4.512±1.53    0.197±0.01   60.758±11.73    6.699±1.19 150872.360±66888.75    0.779±0.06     35.206±2.86
dqn          -6.690±1.56    0.205±0.00   76.902±7.23    8.322±0.95 140842.800±11557.87    0.810±0.07     76.805±4.47
ppo          -6.711±1.66    0.207±0.00   76.712±12.00    8.317±1.24 165701.400±28342.42    0.814±0.06     40.160±1.73
mappo        -6.643±1.49    0.206±0.00   76.370±8.87    8.281±0.95 152211.400±29588.20    0.810±0.07     33.582±2.14
cto           0.020±1.96    0.186±0.00   35.801±5.98    4.290±0.96  47182.920±17573.58    0.571±0.15    105.267±10.30
wrote/merged CSVs + series -> figures/convergence/
note: BCD wall medians differ across algos (spread=9.5ms: causal=29.6, cto=34.7, dqn=36.2, dts=29.4, gdo=26.7, mappo=27.5, ppo=29.8, rss=30.4, ucb=31.9); runtime uses shared median bcd_ms=30.79
wrote plot exports -> figures/convergence/plot_data.mat (+ .pkl/.npz)
note: BCD wall medians differ across algos (spread=9.5ms: causal=29.6, cto=34.7, dqn=36.2, dts=29.4, gdo=26.7, mappo=27.5, ppo=29.8, rss=30.4, ucb=31.9); runtime uses shared median bcd_ms=30.79
plotting: ['causal', 'ucb', 'dts', 'gdo', 'rss', 'dqn', 'ppo', 'mappo', 'cto']
comm model: users=10 RTT=1ms R_ctrl=1e+06bps
BCD (shared scenario median): 30.79 ms/slot
wrote plots -> figures/convergence/
runtime stack -> figures/convergence/runtime.png
mean bars -> 6 files (*_bar.png)
wrote plot exports -> figures/convergence/plot_data.mat (+ .pkl/.npz)
