=== causal seed=0 ===
    reward=131.1024 acc=0.2107 delay=1.468 energy=0.039 backlog=0 vio=0.135 ms/slot=17.07 (dec=2.22 comm=7.22 alloc=7.63) wall=56s
=== causal seed=1 ===
    reward=134.0075 acc=0.2165 delay=1.434 energy=0.038 backlog=0 vio=0.128 ms/slot=16.48 (dec=2.21 comm=7.22 alloc=7.05) wall=59s
=== causal seed=2 ===
    reward=131.7258 acc=0.2131 delay=1.455 energy=0.038 backlog=0 vio=0.139 ms/slot=16.64 (dec=2.67 comm=7.22 alloc=6.75) wall=76s
=== causal seed=3 ===
    reward=136.3158 acc=0.2137 delay=1.406 energy=0.038 backlog=0 vio=0.120 ms/slot=15.32 (dec=2.10 comm=7.22 alloc=5.99) wall=66s
=== causal seed=4 ===
    reward=130.7086 acc=0.2110 delay=1.466 energy=0.040 backlog=0 vio=0.135 ms/slot=16.64 (dec=3.05 comm=7.22 alloc=6.37) wall=73s
=== ucb seed=0 ===
    reward=108.1950 acc=0.1344 delay=1.506 energy=0.041 backlog=0 vio=0.168 ms/slot=11.90 (dec=1.92 comm=7.22 alloc=2.76) wall=41s
=== ucb seed=1 ===
    reward=106.2800 acc=0.1444 delay=1.530 energy=0.045 backlog=0 vio=0.183 ms/slot=12.11 (dec=1.93 comm=7.22 alloc=2.95) wall=44s
=== ucb seed=2 ===
    reward=104.7840 acc=0.1471 delay=1.563 energy=0.048 backlog=0 vio=0.196 ms/slot=12.51 (dec=2.12 comm=7.22 alloc=3.16) wall=47s
=== ucb seed=3 ===
    reward=113.4330 acc=0.1347 delay=1.435 energy=0.041 backlog=0 vio=0.147 ms/slot=12.57 (dec=2.18 comm=7.22 alloc=3.16) wall=48s
=== ucb seed=4 ===
    reward=104.4929 acc=0.1331 delay=1.534 energy=0.045 backlog=0 vio=0.174 ms/slot=12.22 (dec=2.00 comm=7.22 alloc=3.00) wall=46s
=== dts seed=0 ===
    reward=102.7197 acc=0.1682 delay=1.644 energy=0.054 backlog=0 vio=0.213 ms/slot=12.43 (dec=2.06 comm=7.22 alloc=3.15) wall=47s
=== dts seed=1 ===
    reward=101.6958 acc=0.1700 delay=1.636 energy=0.055 backlog=0 vio=0.227 ms/slot=12.51 (dec=2.19 comm=7.22 alloc=3.10) wall=49s
=== dts seed=2 ===
    reward=95.3721 acc=0.1755 delay=1.726 energy=0.061 backlog=0 vio=0.260 ms/slot=12.66 (dec=2.23 comm=7.22 alloc=3.21) wall=49s
=== dts seed=3 ===
    reward=104.6682 acc=0.1699 delay=1.599 energy=0.056 backlog=0 vio=0.212 ms/slot=12.82 (dec=2.37 comm=7.22 alloc=3.23) wall=50s
=== dts seed=4 ===
    reward=100.5825 acc=0.1720 delay=1.671 energy=0.059 backlog=0 vio=0.228 ms/slot=13.32 (dec=2.48 comm=7.22 alloc=3.61) wall=55s
=== gdo seed=0 ===
    reward=107.1452 acc=0.2325 delay=1.731 energy=0.060 backlog=0 vio=0.243 ms/slot=16.62 (dec=3.24 comm=9.62 alloc=3.75) wall=52s
=== gdo seed=1 ===
    reward=109.9148 acc=0.2335 delay=1.691 energy=0.060 backlog=0 vio=0.225 ms/slot=17.82 (dec=3.75 comm=9.62 alloc=4.45) wall=61s
=== gdo seed=2 ===
    reward=110.5531 acc=0.2320 delay=1.702 energy=0.058 backlog=0 vio=0.224 ms/slot=17.02 (dec=3.56 comm=9.62 alloc=3.83) wall=57s
=== gdo seed=3 ===
    reward=115.1959 acc=0.2350 delay=1.659 energy=0.059 backlog=0 vio=0.197 ms/slot=17.83 (dec=3.82 comm=9.62 alloc=4.39) wall=61s
=== gdo seed=4 ===
    reward=108.2458 acc=0.2322 delay=1.716 energy=0.061 backlog=0 vio=0.233 ms/slot=17.36 (dec=3.57 comm=9.62 alloc=4.17) wall=58s
=== dqn seed=0 ===
  [dqn] slot=0 team_r=0.0000 eps=1.000 K=2000
  [dqn] slot=50 team_r=0.0000 eps=0.953 K=2000
  [dqn] slot=100 team_r=15.6056 eps=0.905 K=2000
  [dqn] slot=150 team_r=13.6698 eps=0.858 K=2000
  [dqn] slot=200 team_r=15.6192 eps=0.810 K=2000
  [dqn] slot=250 team_r=8.9720 eps=0.762 K=2000
  [dqn] slot=300 team_r=9.7888 eps=0.715 K=2000
  [dqn] slot=350 team_r=0.0000 eps=0.667 K=2000
  [dqn] slot=400 team_r=4.9489 eps=0.620 K=2000
  [dqn] slot=450 team_r=3.8340 eps=0.573 K=2000
  [dqn] slot=500 team_r=10.9668 eps=0.525 K=2000
  [dqn] slot=550 team_r=4.7663 eps=0.478 K=2000
  [dqn] slot=600 team_r=6.7804 eps=0.430 K=2000
  [dqn] slot=650 team_r=3.2148 eps=0.383 K=2000
  [dqn] slot=700 team_r=6.1803 eps=0.335 K=2000
  [dqn] slot=750 team_r=11.7561 eps=0.288 K=2000
  [dqn] slot=800 team_r=9.9058 eps=0.240 K=2000
  [dqn] slot=850 team_r=13.4203 eps=0.193 K=2000
  [dqn] slot=900 team_r=0.0000 eps=0.145 K=2000
  [dqn] slot=950 team_r=0.0000 eps=0.098 K=2000
    reward=96.1085 acc=0.1700 delay=1.709 energy=0.059 backlog=0 vio=0.241 ms/slot=32.59 (dec=16.98 comm=10.02 alloc=5.59) wall=90s
=== dqn seed=1 ===
  [dqn] slot=0 team_r=0.0000 eps=1.000 K=2000
  [dqn] slot=50 team_r=17.2951 eps=0.953 K=2000
  [dqn] slot=100 team_r=7.8025 eps=0.905 K=2000
  [dqn] slot=150 team_r=5.9770 eps=0.858 K=2000
  [dqn] slot=200 team_r=12.4991 eps=0.810 K=2000
  [dqn] slot=250 team_r=-2.0424 eps=0.762 K=2000
  [dqn] slot=300 team_r=0.0000 eps=0.715 K=2000
  [dqn] slot=350 team_r=6.0913 eps=0.667 K=2000
  [dqn] slot=400 team_r=0.0000 eps=0.620 K=2000
  [dqn] slot=450 team_r=4.5136 eps=0.573 K=2000
  [dqn] slot=500 team_r=0.0000 eps=0.525 K=2000
  [dqn] slot=550 team_r=0.0000 eps=0.478 K=2000
  [dqn] slot=600 team_r=17.5605 eps=0.430 K=2000
  [dqn] slot=650 team_r=3.2701 eps=0.383 K=2000
  [dqn] slot=700 team_r=9.9852 eps=0.335 K=2000
  [dqn] slot=750 team_r=2.9450 eps=0.288 K=2000
  [dqn] slot=800 team_r=4.2247 eps=0.240 K=2000
  [dqn] slot=850 team_r=19.2596 eps=0.193 K=2000
  [dqn] slot=900 team_r=-2.8361 eps=0.145 K=2000
  [dqn] slot=950 team_r=6.2798 eps=0.098 K=2000
    reward=101.8475 acc=0.1745 delay=1.643 energy=0.056 backlog=0 vio=0.217 ms/slot=31.58 (dec=16.60 comm=10.02 alloc=4.95) wall=84s
=== dqn seed=2 ===
  [dqn] slot=0 team_r=0.0000 eps=1.000 K=2000
  [dqn] slot=50 team_r=14.3206 eps=0.953 K=2000
  [dqn] slot=100 team_r=1.4095 eps=0.905 K=2000
  [dqn] slot=150 team_r=5.9807 eps=0.858 K=2000
  [dqn] slot=200 team_r=5.8077 eps=0.810 K=2000
  [dqn] slot=250 team_r=9.5628 eps=0.762 K=2000
  [dqn] slot=300 team_r=12.1327 eps=0.715 K=2000
  [dqn] slot=350 team_r=7.8446 eps=0.667 K=2000
  [dqn] slot=400 team_r=-1.6254 eps=0.620 K=2000
  [dqn] slot=450 team_r=0.0000 eps=0.573 K=2000
  [dqn] slot=500 team_r=0.0000 eps=0.525 K=2000
  [dqn] slot=550 team_r=0.0000 eps=0.478 K=2000
  [dqn] slot=600 team_r=11.0861 eps=0.430 K=2000
  [dqn] slot=650 team_r=4.9873 eps=0.383 K=2000
  [dqn] slot=700 team_r=3.7821 eps=0.335 K=2000
  [dqn] slot=750 team_r=17.6202 eps=0.288 K=2000
  [dqn] slot=800 team_r=5.4084 eps=0.240 K=2000
  [dqn] slot=850 team_r=5.7552 eps=0.193 K=2000
  [dqn] slot=900 team_r=0.0000 eps=0.145 K=2000
  [dqn] slot=950 team_r=8.3955 eps=0.098 K=2000
    reward=99.2512 acc=0.1725 delay=1.674 energy=0.058 backlog=0 vio=0.244 ms/slot=35.93 (dec=19.62 comm=10.02 alloc=6.28) wall=99s
=== dqn seed=3 ===
  [dqn] slot=0 team_r=0.0000 eps=1.000 K=2000
  [dqn] slot=50 team_r=0.0000 eps=0.953 K=2000
  [dqn] slot=100 team_r=15.5680 eps=0.905 K=2000
  [dqn] slot=150 team_r=13.3418 eps=0.858 K=2000
  [dqn] slot=200 team_r=14.9270 eps=0.810 K=2000
  [dqn] slot=250 team_r=0.0000 eps=0.762 K=2000
  [dqn] slot=300 team_r=18.7568 eps=0.715 K=2000
  [dqn] slot=350 team_r=12.4706 eps=0.667 K=2000
  [dqn] slot=400 team_r=0.0000 eps=0.620 K=2000
  [dqn] slot=450 team_r=11.9273 eps=0.573 K=2000
  [dqn] slot=500 team_r=14.9766 eps=0.525 K=2000
  [dqn] slot=550 team_r=4.1473 eps=0.478 K=2000
  [dqn] slot=600 team_r=1.0590 eps=0.430 K=2000
  [dqn] slot=650 team_r=4.6092 eps=0.383 K=2000
  [dqn] slot=700 team_r=16.5522 eps=0.335 K=2000
  [dqn] slot=750 team_r=4.1123 eps=0.288 K=2000
  [dqn] slot=800 team_r=7.1202 eps=0.240 K=2000
  [dqn] slot=850 team_r=4.1650 eps=0.193 K=2000
  [dqn] slot=900 team_r=-0.2202 eps=0.145 K=2000
  [dqn] slot=950 team_r=3.6551 eps=0.098 K=2000
    reward=100.2329 acc=0.1753 delay=1.659 energy=0.060 backlog=0 vio=0.236 ms/slot=24.87 (dec=11.21 comm=10.02 alloc=3.64) wall=62s
=== dqn seed=4 ===
  [dqn] slot=0 team_r=0.0000 eps=1.000 K=2000
  [dqn] slot=50 team_r=14.3124 eps=0.953 K=2000
  [dqn] slot=100 team_r=2.0082 eps=0.905 K=2000
  [dqn] slot=150 team_r=1.0819 eps=0.858 K=2000
  [dqn] slot=200 team_r=6.5635 eps=0.810 K=2000
  [dqn] slot=250 team_r=26.9896 eps=0.762 K=2000
  [dqn] slot=300 team_r=10.6690 eps=0.715 K=2000
  [dqn] slot=350 team_r=4.9967 eps=0.667 K=2000
  [dqn] slot=400 team_r=1.6531 eps=0.620 K=2000
  [dqn] slot=450 team_r=-3.9430 eps=0.573 K=2000
  [dqn] slot=500 team_r=6.0224 eps=0.525 K=2000
  [dqn] slot=550 team_r=6.7585 eps=0.478 K=2000
  [dqn] slot=600 team_r=2.6216 eps=0.430 K=2000
  [dqn] slot=650 team_r=16.2806 eps=0.383 K=2000
  [dqn] slot=700 team_r=5.9406 eps=0.335 K=2000
  [dqn] slot=750 team_r=4.0187 eps=0.288 K=2000
  [dqn] slot=800 team_r=11.3944 eps=0.240 K=2000
  [dqn] slot=850 team_r=0.0000 eps=0.193 K=2000
  [dqn] slot=900 team_r=-1.0633 eps=0.145 K=2000
  [dqn] slot=950 team_r=13.8714 eps=0.098 K=2000
    reward=97.3037 acc=0.1724 delay=1.706 energy=0.061 backlog=0 vio=0.245 ms/slot=24.43 (dec=10.96 comm=10.02 alloc=3.45) wall=58s
=== ppo seed=0 ===
  [ppo train] slot=0 team_r=0.0000
  [ppo train] slot=50 team_r=6.4992
  [ppo train] slot=100 team_r=14.3874
  [ppo train] slot=150 team_r=3.2523
  [ppo train] slot=200 team_r=3.5550
  [ppo train] slot=250 team_r=4.6974
  [ppo train] slot=300 team_r=4.9537
  [ppo train] slot=350 team_r=0.0000
  [ppo train] slot=400 team_r=8.2577
  [ppo train] slot=450 team_r=3.8340
  [ppo train] slot=500 team_r=12.7386
  [ppo train] slot=550 team_r=10.6510
  [ppo train] slot=600 team_r=7.2133
  [ppo train] slot=650 team_r=2.8060
  [ppo train] slot=700 team_r=3.3236
  [ppo train] slot=750 team_r=11.3013
  [ppo train] slot=800 team_r=6.6912
  [ppo train] slot=850 team_r=1.5771
  [ppo train] slot=900 team_r=0.0000
  [ppo train] slot=950 team_r=-1.1840
    reward=95.1507 acc=0.1742 delay=1.737 energy=0.061 backlog=0 vio=0.259 ms/slot=20.95 (dec=7.65 comm=10.02 alloc=3.28) wall=52s
=== ppo seed=1 ===
  [ppo train] slot=0 team_r=0.0000
  [ppo train] slot=50 team_r=16.3298
  [ppo train] slot=100 team_r=7.7608
  [ppo train] slot=150 team_r=3.2911
  [ppo train] slot=200 team_r=13.7941
  [ppo train] slot=250 team_r=-2.0424
  [ppo train] slot=300 team_r=0.0000
  [ppo train] slot=350 team_r=5.1664
  [ppo train] slot=400 team_r=0.0000
  [ppo train] slot=450 team_r=1.7521
  [ppo train] slot=500 team_r=0.0000
  [ppo train] slot=550 team_r=0.0000
  [ppo train] slot=600 team_r=11.0792
  [ppo train] slot=650 team_r=1.9897
  [ppo train] slot=700 team_r=0.0000
  [ppo train] slot=750 team_r=3.9502
  [ppo train] slot=800 team_r=11.5598
  [ppo train] slot=850 team_r=13.1746
  [ppo train] slot=900 team_r=-2.5350
  [ppo train] slot=950 team_r=4.1953
    reward=100.3361 acc=0.1763 delay=1.665 energy=0.059 backlog=0 vio=0.227 ms/slot=20.89 (dec=7.71 comm=10.02 alloc=3.15) wall=52s
=== ppo seed=2 ===
  [ppo train] slot=0 team_r=0.0000
  [ppo train] slot=50 team_r=21.0383
  [ppo train] slot=100 team_r=8.5583
  [ppo train] slot=150 team_r=11.2220
  [ppo train] slot=200 team_r=4.8025
  [ppo train] slot=250 team_r=9.2358
  [ppo train] slot=300 team_r=0.0000
  [ppo train] slot=350 team_r=8.1407
  [ppo train] slot=400 team_r=0.2102
  [ppo train] slot=450 team_r=1.7645
  [ppo train] slot=500 team_r=-4.8335
  [ppo train] slot=550 team_r=2.6837
  [ppo train] slot=600 team_r=14.6017
  [ppo train] slot=650 team_r=8.1812
  [ppo train] slot=700 team_r=0.0000
  [ppo train] slot=750 team_r=11.7406
  [ppo train] slot=800 team_r=11.5561
  [ppo train] slot=850 team_r=6.3349
  [ppo train] slot=900 team_r=-4.1195
  [ppo train] slot=950 team_r=3.2594
    reward=99.5003 acc=0.1744 delay=1.681 energy=0.058 backlog=0 vio=0.232 ms/slot=20.37 (dec=7.40 comm=10.02 alloc=2.94) wall=51s
=== ppo seed=3 ===
  [ppo train] slot=0 team_r=0.0000
  [ppo train] slot=50 team_r=6.0240
  [ppo train] slot=100 team_r=8.3851
  [ppo train] slot=150 team_r=11.8881
  [ppo train] slot=200 team_r=14.5193
  [ppo train] slot=250 team_r=0.0000
  [ppo train] slot=300 team_r=13.8647
  [ppo train] slot=350 team_r=12.7080
  [ppo train] slot=400 team_r=0.0000
  [ppo train] slot=450 team_r=14.8397
  [ppo train] slot=500 team_r=5.3384
  [ppo train] slot=550 team_r=0.9590
  [ppo train] slot=600 team_r=2.7253
  [ppo train] slot=650 team_r=6.0791
  [ppo train] slot=700 team_r=23.8028
  [ppo train] slot=750 team_r=9.0959
  [ppo train] slot=800 team_r=7.7980
  [ppo train] slot=850 team_r=6.2017
  [ppo train] slot=900 team_r=2.6321
  [ppo train] slot=950 team_r=6.2506
    reward=100.4265 acc=0.1726 delay=1.646 energy=0.059 backlog=0 vio=0.242 ms/slot=20.63 (dec=7.51 comm=10.02 alloc=3.09) wall=51s
=== ppo seed=4 ===
  [ppo train] slot=0 team_r=0.0000
  [ppo train] slot=50 team_r=12.7114
  [ppo train] slot=100 team_r=3.0796
  [ppo train] slot=150 team_r=8.1302
  [ppo train] slot=200 team_r=7.7298
  [ppo train] slot=250 team_r=15.8834
  [ppo train] slot=300 team_r=4.7447
  [ppo train] slot=350 team_r=2.3056
  [ppo train] slot=400 team_r=3.9857
  [ppo train] slot=450 team_r=3.2260
  [ppo train] slot=500 team_r=6.8705
  [ppo train] slot=550 team_r=5.4800
  [ppo train] slot=600 team_r=4.9485
  [ppo train] slot=650 team_r=16.6171
  [ppo train] slot=700 team_r=6.2921
  [ppo train] slot=750 team_r=9.9122
  [ppo train] slot=800 team_r=10.8123
  [ppo train] slot=850 team_r=0.0000
  [ppo train] slot=900 team_r=-0.3744
  [ppo train] slot=950 team_r=11.9556
    reward=96.5111 acc=0.1729 delay=1.719 energy=0.061 backlog=0 vio=0.234 ms/slot=21.36 (dec=7.68 comm=10.02 alloc=3.65) wall=53s
=== mappo seed=0 ===
  [mappo train] slot=0 team_r=0.0000
  [mappo train] slot=50 team_r=6.6368
  [mappo train] slot=100 team_r=15.5319
  [mappo train] slot=150 team_r=14.4577
  [mappo train] slot=200 team_r=12.7598
  [mappo train] slot=250 team_r=9.5629
  [mappo train] slot=300 team_r=7.5910
  [mappo train] slot=350 team_r=0.0000
  [mappo train] slot=400 team_r=8.3455
  [mappo train] slot=450 team_r=0.4092
  [mappo train] slot=500 team_r=11.0588
  [mappo train] slot=550 team_r=8.2096
  [mappo train] slot=600 team_r=6.3159
  [mappo train] slot=650 team_r=-0.2780
  [mappo train] slot=700 team_r=11.2346
  [mappo train] slot=750 team_r=8.7508
  [mappo train] slot=800 team_r=4.6616
  [mappo train] slot=850 team_r=7.5444
  [mappo train] slot=900 team_r=0.0000
  [mappo train] slot=950 team_r=0.0000
    reward=96.0523 acc=0.1724 delay=1.703 energy=0.061 backlog=0 vio=0.245 ms/slot=13.35 (dec=1.98 comm=7.22 alloc=4.15) wall=58s
=== mappo seed=1 ===
  [mappo train] slot=0 team_r=0.0000
  [mappo train] slot=50 team_r=14.5106
  [mappo train] slot=100 team_r=11.4274
  [mappo train] slot=150 team_r=4.8594
  [mappo train] slot=200 team_r=8.0749
  [mappo train] slot=250 team_r=-2.4509
  [mappo train] slot=300 team_r=0.0000
  [mappo train] slot=350 team_r=6.0913
  [mappo train] slot=400 team_r=0.0000
  [mappo train] slot=450 team_r=3.9218
  [mappo train] slot=500 team_r=0.0000
  [mappo train] slot=550 team_r=0.0000
  [mappo train] slot=600 team_r=11.8768
  [mappo train] slot=650 team_r=6.6156
  [mappo train] slot=700 team_r=17.1087
  [mappo train] slot=750 team_r=3.8017
  [mappo train] slot=800 team_r=10.9446
  [mappo train] slot=850 team_r=7.6925
  [mappo train] slot=900 team_r=0.0000
  [mappo train] slot=950 team_r=6.2798
    reward=98.4963 acc=0.1661 delay=1.662 energy=0.057 backlog=0 vio=0.228 ms/slot=12.74 (dec=1.81 comm=7.22 alloc=3.70) wall=54s
=== mappo seed=2 ===
  [mappo train] slot=0 team_r=0.0000
  [mappo train] slot=50 team_r=23.0746
  [mappo train] slot=100 team_r=9.9057
  [mappo train] slot=150 team_r=6.8165
  [mappo train] slot=200 team_r=6.9937
  [mappo train] slot=250 team_r=11.3718
  [mappo train] slot=300 team_r=4.1982
  [mappo train] slot=350 team_r=5.2603
  [mappo train] slot=400 team_r=7.6133
  [mappo train] slot=450 team_r=0.0000
  [mappo train] slot=500 team_r=0.0000
  [mappo train] slot=550 team_r=0.0000
  [mappo train] slot=600 team_r=8.0203
  [mappo train] slot=650 team_r=9.9797
  [mappo train] slot=700 team_r=2.9666
  [mappo train] slot=750 team_r=12.2548
  [mappo train] slot=800 team_r=4.2822
  [mappo train] slot=850 team_r=5.7552
  [mappo train] slot=900 team_r=3.7823
  [mappo train] slot=950 team_r=9.1557
    reward=99.3486 acc=0.1748 delay=1.689 energy=0.059 backlog=0 vio=0.239 ms/slot=12.59 (dec=1.80 comm=7.22 alloc=3.56) wall=54s
=== mappo seed=3 ===
  [mappo train] slot=0 team_r=0.0000
  [mappo train] slot=50 team_r=3.6015
  [mappo train] slot=100 team_r=14.4998
  [mappo train] slot=150 team_r=13.2436
  [mappo train] slot=200 team_r=19.7114
  [mappo train] slot=250 team_r=0.0000
  [mappo train] slot=300 team_r=17.7018
  [mappo train] slot=350 team_r=13.3808
  [mappo train] slot=400 team_r=0.0000
  [mappo train] slot=450 team_r=13.5175
  [mappo train] slot=500 team_r=5.1852
  [mappo train] slot=550 team_r=3.5616
  [mappo train] slot=600 team_r=0.0000
  [mappo train] slot=650 team_r=6.5560
  [mappo train] slot=700 team_r=13.0179
  [mappo train] slot=750 team_r=4.8355
  [mappo train] slot=800 team_r=7.3539
  [mappo train] slot=850 team_r=1.5590
  [mappo train] slot=900 team_r=1.3552
  [mappo train] slot=950 team_r=5.3096
    reward=103.7885 acc=0.1701 delay=1.614 energy=0.057 backlog=0 vio=0.214 ms/slot=12.10 (dec=1.59 comm=7.22 alloc=3.28) wall=49s
=== mappo seed=4 ===
  [mappo train] slot=0 team_r=0.0000
  [mappo train] slot=50 team_r=8.2620
  [mappo train] slot=100 team_r=2.0082
  [mappo train] slot=150 team_r=3.8748
  [mappo train] slot=200 team_r=6.1977
  [mappo train] slot=250 team_r=13.2898
  [mappo train] slot=300 team_r=8.7222
  [mappo train] slot=350 team_r=5.0661
  [mappo train] slot=400 team_r=1.6540
  [mappo train] slot=450 team_r=5.3303
  [mappo train] slot=500 team_r=5.8422
  [mappo train] slot=550 team_r=5.4800
  [mappo train] slot=600 team_r=5.8689
  [mappo train] slot=650 team_r=8.6089
  [mappo train] slot=700 team_r=6.2921
  [mappo train] slot=750 team_r=5.5294
  [mappo train] slot=800 team_r=8.2097
  [mappo train] slot=850 team_r=0.0000
  [mappo train] slot=900 team_r=-3.3528
  [mappo train] slot=950 team_r=13.0429
    reward=98.1087 acc=0.1683 delay=1.681 energy=0.058 backlog=0 vio=0.226 ms/slot=11.62 (dec=1.39 comm=7.22 alloc=3.01) wall=44s
=== cto seed=0 ===
    reward=131.7665 acc=0.2092 delay=1.465 energy=0.038 backlog=0 vio=0.130 ms/slot=24.02 (dec=6.52 comm=10.02 alloc=7.48) wall=81s
=== cto seed=1 ===
    reward=134.2053 acc=0.2107 delay=1.419 energy=0.036 backlog=0 vio=0.124 ms/slot=23.88 (dec=6.19 comm=10.02 alloc=7.67) wall=80s
=== cto seed=2 ===
    reward=133.4589 acc=0.2106 delay=1.433 energy=0.037 backlog=0 vio=0.128 ms/slot=23.37 (dec=6.84 comm=10.02 alloc=6.50) wall=80s
=== cto seed=3 ===
    reward=136.8639 acc=0.2118 delay=1.395 energy=0.037 backlog=0 vio=0.120 ms/slot=27.55 (dec=7.59 comm=10.02 alloc=9.94) wall=89s
=== cto seed=4 ===
    reward=132.2304 acc=0.2083 delay=1.449 energy=0.039 backlog=0 vio=0.128 ms/slot=24.25 (dec=6.76 comm=10.02 alloc=7.47) wall=82s

=== SUMMARY (mean ± std; ms/slot = median ± std) ===
name         reward      acc    delay   energy    backlog      vio    ms/slot
causal      132.772±2.36    0.213±0.00    1.446±0.03    0.039±0.00      0.086±0.00    0.131±0.01     16.642±0.66
ucb         107.437±3.66    0.139±0.01    1.513±0.05    0.044±0.00      0.090±0.00    0.174±0.02     12.222±0.28
dts         101.008±3.49    0.171±0.00    1.655±0.05    0.057±0.00      0.094±0.00    0.228±0.02     12.664±0.35
gdo         110.211±3.09    0.233±0.00    1.700±0.03    0.060±0.00      0.096±0.00    0.225±0.02     17.364±0.53
dqn          98.949±2.29    0.173±0.00    1.678±0.03    0.059±0.00      0.095±0.00    0.237±0.01     31.576±5.04
ppo          98.385±2.41    0.174±0.00    1.689±0.04    0.060±0.00      0.096±0.00    0.239±0.01     20.891±0.37
mappo        99.159±2.86    0.170±0.00    1.670±0.03    0.058±0.00      0.094±0.00    0.230±0.01     12.585±0.66
cto         133.705±2.01    0.210±0.00    1.432±0.03    0.037±0.00      0.086±0.00    0.126±0.00     24.018±1.67
wrote/merged CSVs + series -> figures/python figures/convergence/
note: resource-allocation wall medians differ across algos (spread=4.5ms: causal=6.8, cto=7.5, dqn=5.0, dts=3.2, gdo=4.2, mappo=3.6, ppo=3.2, ucb=3.0); runtime stack uses shared median bcd_ms=3.87
wrote plot exports -> figures/python figures/convergence/plot_data.mat (+ .pkl/.npz)
note: resource-allocation wall medians differ across algos (spread=4.5ms: causal=6.8, cto=7.5, dqn=5.0, dts=3.2, gdo=4.2, mappo=3.6, ppo=3.2, ucb=3.0); runtime stack uses shared median bcd_ms=3.87
plotting: ['causal', 'ucb', 'dts', 'gdo', 'dqn', 'ppo', 'mappo', 'cto']
comm model: users=25 RTT=0.5ms R_ctrl=2e+06bps
resource allocation: stack bcd_ms=3.87 (shared); raw walls: causal=6.75, ucb=3.00, dts=3.21, gdo=4.17, dqn=4.95, ppo=3.15, mappo=3.56, cto=7.48
wrote plots -> figures/python figures/convergence/
runtime stack -> figures/python figures/convergence/runtime.png
runtime compute -> figures/python figures/convergence/runtime_compute.png
mean bars -> 6 files (*_bar.png)
wrote plot exports -> figures/python figures/convergence/plot_data.mat (+ .pkl/.npz)
